[INFO] DETR weights: /root/Lain/checkpoints/detr-r50-hicodet.pth
[INFO] CLIP weights: /root/Lain/checkpoints/ViT-B-16.pt
[INFO] HICO images: /root/Lain/hico_20160224_det
[UO_objectbest_gate_ep1_textonly_r4a16_dynamiclr] Source: /root/autodl-tmp/Lain/UO_objectbest_gateonly_v5h128_a004_seed66/checkpoints/ckpt_03895_01.pt
[UO_objectbest_gate_ep1_textonly_r4a16_dynamiclr] LAIN/Object/Gate: loaded and frozen
[UO_objectbest_gate_ep1_textonly_r4a16_dynamiclr] Text: fresh r=4 alpha=16 dim=64; the only trainable module
[UO_objectbest_gate_ep1_textonly_r4a16_dynamiclr] Initial Text lr=2e-4
[UO_objectbest_gate_ep1_textonly_r4a16_dynamiclr] Text contribution >0.05 => next lr=5e-5
[UO_objectbest_gate_ep1_textonly_r4a16_dynamiclr] Text contribution >0.10 => next lr=1e-5
[UO_objectbest_gate_ep1_textonly_r4a16_dynamiclr] W&B run name: UO_objectbest_gate_ep1_textonly_r4a16_dynamiclr
Namespace(weight_decay=0.0001, lr_drop=100, clip_max_norm=0.1, backbone='resnet50', dilation=False, amp=True, position_embedding='sine', repr_dim=512, hidden_dim=256, enc_layers=6, dec_layers=6, dim_feedforward=2048, dropout=0.1, nheads=8, num_queries=100, pre_norm=False, aux_loss=True, set_cost_class=1, set_cost_bbox=5, set_cost_giou=2, bbox_loss_coef=5, giou_loss_coef=2, eos_coef=0.1, cache=False, box_score_thresh=0.2, fg_iou_thresh=0.5, min_instances=3, max_instances=15, clip_visual_layers_vit=24, clip_visual_output_dim_vit=768, clip_visual_input_resolution_vit=336, clip_visual_width_vit=1024, clip_visual_patch_size_vit=14, clip_text_transformer_width_vit=768, clip_text_transformer_heads_vit=12, clip_text_transformer_layers_vit=12, clip_text_context_length_vit=77, feat_mask_type=0, repeat_factor_sampling=False, dataset_file='coco', d_detr=False, lr_backbone=2e-05, masks=False, with_box_refine=False, two_stage=False, frozen_weights=None, position_embedding_scale=6.283185307179586, num_feature_levels=4, dec_n_points=4, enc_n_points=4, mask_loss_coef=1, dice_loss_coef=1, cls_loss_coef=2, focal_alpha=0.25, lr_head=0.0005, lr_vit=0.0002, lr_text_adapter=0.0002, lr_obj_cond_adapter=0.0002, lr_scene_gate=0.0003, override_resume_scene_gate_lr=False, zs=True, zs_type='unseen_object', dataset='hicodet', partitions=['train2015', 'test2015'], num_classes=117, data_root='./hicodet', hico_image_root='/root/Lain/hico_20160224_det', epochs=8, batch_size=8, test_batch_size=8, num_workers=8, prefetch_factor=4, eval=False, eval_scene_gate_off_only=False, eval_result_json='', hoi_error_analysis=False, clip_dir_vit='/root/Lain/checkpoints/ViT-B-16.pt', pretrained='/root/Lain/checkpoints/detr-r50-hicodet.pth', resume='', init_from='/root/autodl-tmp/Lain/UO_objectbest_gateonly_v5h128_a004_seed66/checkpoints/ckpt_03895_01.pt', output_dir='/root/autodl-tmp/Lain/UO_objectbest_gate_ep1_textonly_r4a16_dynamiclr_seed66/checkpoints', keep_last_checkpoints=0, keep_epoch_checkpoints=[], keep_best_unseen_checkpoint=True, use_hotoken=True, use_prior=True, use_exp=True, alpha=0.5, gamma=0.2, hyper_lambda=2.8, use_insadapter=True, adapter_num_layers=1, adapt_dim=32, adapter_alpha=1.0, adapter_pos='all', adapter_scalar='learnable_scalar', use_text_adapter=True, lora_rank=4, lora_alpha=16, text_adapter_dim=64, adapter_residual_scale=0.05, adapter_dropout=0.1, train_text_adapter_only=True, reset_text_adapter_on_load=True, text_lr_contribution_schedule=True, text_lr_contribution_threshold_low=0.05, text_lr_contribution_threshold_high=0.1, text_lr_after_low_threshold=5e-05, text_lr_after_high_threshold=1e-05, use_obj_cond_adapter=True, obj_cond_rank=4, train_obj_cond_adapter_only=False, reset_obj_cond_adapter_on_load=False, use_prompt=True, N_CTX=36, CSC=True, CTX_INIT='', CLASS_TOKEN_POSITION='end', use_scene_gate=True, scene_gate_type='pair', scene_gate_version='v5', scene_gate_hidden_dim=128, scene_gate_rank=16, scene_gate_dropout=0.1, scene_gate_alpha=0.04, scene_gate_activation='standardized_tanh', scene_gate_init_std=0.001, scene_gate_post_l2_norm=True, scene_gate_start_epoch=1, train_scene_gate_only=False, reset_scene_gate_on_load=False, scene_gate_diagnostics=True, scene_gate_compare_off=True, adapter_contribution_diagnostics=True, skip_object_adapter_contribution=False, job_id=1985, vis=False, debug=False, seed=66, device='cuda', fast_cuda=True, port='7894', print_interval=500, world_size=1, use_semantic_adapter=False)
WORLD_SIZE 1
wandb: [wandb.login()] Loaded credentials for https://api.wandb.ai from /root/.netrc.
wandb: Currently logged in as: saaatkj (saaatkj-null) to https://api.wandb.ai. Use `wandb login --relogin` to force relogin
wandb: setting up run dkin60mn
wandb: Tracking run with wandb version 0.28.1
wandb: Run data is saved locally in /root/autodl-tmp/Lain/UO_objectbest_gate_ep1_textonly_r4a16_dynamiclr_seed66/wandb/wandb/run-20260819_145422-dkin60mn
wandb: Run `wandb offline` to turn off syncing.
wandb: Syncing run UO_objectbest_gate_ep1_textonly_r4a16_dynamiclr
wandb:  View project at https://wandb.ai/saaatkj-null/LAIN
wandb:  View run at https://wandb.ai/saaatkj-null/LAIN/runs/dkin60mn
--------------------------------------------------
Config: Use Semantic Adapter: False
Config: Use Text Adapter: True | dim=64 | lr=0.0002
Config: Use ObjCond Adapter: True | rank=4 | lr=0.0002
Config: Use SceneGate: True | version=v5 | type=pair
Config: Adapter Dimension: 32
--------------------------------------------------
[INFO] HICO image root (train2015): /root/Lain/hico_20160224_det/images/train2015
datasets/zs_unseen_object_train2015_idx.pkl is loaded
[INFO] HICO image root (test2015): /root/Lain/hico_20160224_det/images/test2015
[INFO]: num_classes 117
Load weights for the object detector from /root/Lain/checkpoints/detr-r50-hicodet.pth
[INFO] missing_keys: []
[INFO] unexpected_keys: []
Initializing class-specific contexts
Initial context: "X X X X X X X X X X X X X X X X X X X X X X X X X X X X X X X X X X X X"
Number of context words (tokens): 36
[INFO] Text adapter initialized: dim=512, bottleneck=64, rank=4
[INFO] Object-conditioned text adapter initialized: dim=512, rank=4
[INFO] SceneGate initialized: version=v5, type=pair
===>>> Rank 0: initialise model weights from /root/autodl-tmp/Lain/UO_objectbest_gateonly_v5h128_a004_seed66/checkpoints/ckpt_03895_01.pt
[INFO] Text Adapter checkpoint tensors skipped; using fresh initialization.
[WARN] Missing checkpoint keys (6):
  clip_head.text_encoder.text_adapter.norm.weight
  clip_head.text_encoder.text_adapter.norm.bias
  clip_head.text_encoder.text_adapter.down.weight
  clip_head.text_encoder.text_adapter.lowrank.A.weight
  clip_head.text_encoder.text_adapter.lowrank.B.weight
  clip_head.text_encoder.text_adapter.up.weight

==============================
TRAINABLE PARAMETERS:
 -> clip_head.text_encoder.text_adapter.norm.weight (torch.Size([512]))
 -> clip_head.text_encoder.text_adapter.norm.bias (torch.Size([512]))
 -> clip_head.text_encoder.text_adapter.down.weight (torch.Size([64, 512]))
 -> clip_head.text_encoder.text_adapter.lowrank.A.weight (torch.Size([4, 64]))
 -> clip_head.text_encoder.text_adapter.lowrank.B.weight (torch.Size([64, 4]))
 -> clip_head.text_encoder.text_adapter.up.weight (torch.Size([512, 64]))
Total Params: 171,015,140
Trainable Params: 67,072 (0.04%)
==============================

[SceneGate Schedule] Epoch 1: enabled (start epoch=1, lr=3.00e-04)
==> Iteration 500 | Interaction Loss: 1.1721
Epoch [1/8], Iter. [0500/3895], Loss: 1.0466, Time/iter[Data/Train/Total]: [0.006s/0.934s/0.940s], Window[Data/Train]: [2.89s/465.94s], Remain: 0:53:09.702779
==> Iteration 1000 | Interaction Loss: 1.2282
Epoch [1/8], Iter. [1000/3895], Loss: 1.0475, Time/iter[Data/Train/Total]: [0.004s/0.903s/0.907s], Window[Data/Train]: [1.82s/451.55s], Remain: 0:43:45.032859
==> Iteration 1500 | Interaction Loss: 0.8585
Epoch [1/8], Iter. [1500/3895], Loss: 1.0396, Time/iter[Data/Train/Total]: [0.004s/0.892s/0.895s], Window[Data/Train]: [1.83s/445.90s], Remain: 0:35:44.644759
